// Jest Snapshot v1, https://goo.gl/fbAQLP

exports[`<Nav /> Renders a full nav when signed in 1`] = `
<div>
  <ul
    class="NavStyles-sc-11c0d2g-0 jofUXi"
  >
    <a
      href="/products"
    >
      Products
    </a>
    <a
      href="/sell"
    >
      Sell
    </a>
    <a
      href="/orders"
    >
      Orders
    </a>
    <a
      href="/products"
    >
      Account
    </a>
    <button
      type="button"
    >
      Sign Out
    </button>
    <button
      type="button"
    >
      My Cart
      <span
        class="CartCount__AnimationStyles-sc-xxvp4g-1 gwXiGr"
      >
        <div>
          <div
            class="CartCount__Dot-sc-xxvp4g-0 iephzA count"
          />
        </div>
      </span>
    </button>
  </ul>
</div>
`;

exports[`<Nav /> Renders and minimal nav when signed out 1`] = `
<div>
  <ul
    class="NavStyles-sc-11c0d2g-0 jofUXi"
  >
    <a
      href="/products"
    >
      Products
    </a>
    <a
      href="/signin"
    >
      Sign In
    </a>
    <a
      href="/signup"
    >
      Sign Up
    </a>
  </ul>
</div>
`;

exports[`<Nav /> Renders the amount of the items in the cart 1`] = `
<div>
  <ul
    class="NavStyles-sc-11c0d2g-0 jofUXi"
  >
    <a
      href="/products"
    >
      Products
    </a>
    <a
      href="/sell"
    >
      Sell
    </a>
    <a
      href="/orders"
    >
      Orders
    </a>
    <a
      href="/products"
    >
      Account
    </a>
    <button
      type="button"
    >
      Sign Out
    </button>
    <button
      type="button"
    >
      My Cart
      <span
        class="CartCount__AnimationStyles-sc-xxvp4g-1 gwXiGr"
      >
        <div>
          <div
            class="CartCount__Dot-sc-xxvp4g-0 iephzA count"
          >
            3
          </div>
        </div>
      </span>
    </button>
  </ul>
</div>
`;
